<html>
<body>
<pre>
<h1>礦ision Build Log</h1>
<h2>Tool Versions:</h2>
IDE-Version: μVision V5.27.0.0
Copyright (C) 2018 ARM Ltd and ARM Germany GmbH. All rights reserved.
License Information: fsa hp, ds, LIC=YA39H-W6CXT-IIP5V-PAWK4-4XUR5-UGUTX
 
Tool Versions:
Toolchain:       MDK-ARM Plus  Version: 5.27.0.0
Toolchain Path:  D:\Keil_v5\ARM\ARMCC\Bin
C Compiler:      Armcc.exe V5.06 update 6 (build 750)
Assembler:       Armasm.exe V5.06 update 6 (build 750)
Linker/Locator:  ArmLink.exe V5.06 update 6 (build 750)
Library Manager: ArmAr.exe V5.06 update 6 (build 750)
Hex Converter:   FromElf.exe V5.06 update 6 (build 750)
CPU DLL:         SARMCM3.DLL V5.27.0.0
Dialog DLL:      DARMSTM.DLL V1.68.0.0
Target DLL:      Segger\JL2CM3.dll V2.99.34.0
Dialog DLL:      TARMSTM.DLL V1.66.0.0
 
<h2>Project:</h2>
C:\Users\hp\Desktop\智能电风扇系统\串口屏下载程序\USER\USART.uvprojx
Project File Date:  10/08/2020

<h2>Output:</h2>
*** Using Compiler 'V5.06 update 6 (build 750)', folder: 'D:\Keil_v5\ARM\ARMCC\Bin'
Rebuild target 'USART'
compiling stm32f10x_it.c...
compiling system_stm32f10x.c...
compiling main.c...
main.c(21): warning:  #177-D: variable "t"  was declared but never referenced
   	u16 t;  
main.c(22): warning:  #177-D: variable "len"  was declared but never referenced
  	u16 len;	
main.c(23): warning:  #177-D: variable "times"  was declared but never referenced
  	u16 times=0;
main.c: 3 warnings, 0 errors
compiling led.c...
compiling delay.c...
compiling key.c...
compiling core_cm3.c...
assembling startup_stm32f10x_hd.s...
compiling usart.c...
..\SYSTEM\usart\usart.c(135): warning:  #177-D: variable "USART_InitStructure"  was declared but never referenced
  	USART_InitTypeDef USART_InitStructure;
..\SYSTEM\usart\usart.c(136): warning:  #177-D: variable "NVIC_InitStructure"  was declared but never referenced
  	NVIC_InitTypeDef NVIC_InitStructure;
..\SYSTEM\usart\usart.c: 2 warnings, 0 errors
compiling sys.c...
compiling misc.c...
compiling stm32f10x_gpio.c...
compiling stm32f10x_rcc.c...
compiling stm32f10x_usart.c...
linking...
Program Size: Code=4820 RO-data=336 RW-data=48 ZI-data=1632  
FromELF: creating hex file...
"..\OBJ\USART.axf" - 0 Error(s), 5 Warning(s).

<h2>Software Packages used:</h2>

Package Vendor: Keil
                http://www.keil.com/pack/Keil.STM32F1xx_DFP.2.3.0.pack
                Keil.STM32F1xx_DFP.2.3.0
                STMicroelectronics STM32F1 Series Device Support, Drivers and Examples

<h2>Collection of Component include folders:</h2>
  .\RTE\_USART
  D:\Keil_v5\ARM\PACK\Keil\STM32F1xx_DFP\2.3.0\Device\Include

<h2>Collection of Component Files used:</h2>
Build Time Elapsed:  00:00:03
</pre>
</body>
</html>
